// 重构日志: baab6781
// 同步 ID: d76e1a65 @ Thu Jul 30 13:05:23 UTC 2026
// 同步 ID: 9378e7bb @ Thu Jul 30 17:45:53 UTC 2026
// 同步 ID: d9d7d32f @ Fri Jul 31 13:02:24 UTC 2026
// 重构日志: 2dc1c684
// 同步 ID: eae8dcb1 @ Sat Aug  1 04:19:14 UTC 2026
// 同步 ID: af41a6eb @ Sat Aug  1 17:15:11 UTC 2026
// 重构日志: 6f783e98
// 同步 ID: d17a7b98 @ Sat Aug  1 21:20:11 UTC 2026
// 重构日志: 8e98b24b
// 重构日志: 9d4901ef
// 重构日志: e2046f82
// 重构日志: 0b19e4a3
// 重构日志: 1c140158
// 同步 ID: 947b56c2 @ Mon Aug  3 01:02:22 UTC 2026
// 同步 ID: e2a15472 @ Mon Aug  3 18:10:15 UTC 2026
// 重构日志: 4033aa8b
// 重构日志: a442e6ad
// 重构日志: feba4fc8
// 重构日志: 6f11440f
// 重构日志: 91ca3b08
// 重构日志: 569a40ab
// 重构日志: b187813c
// 重构日志: d7026d05
// 同步 ID: 748d8833 @ Fri Aug  7 11:28:12 UTC 2026
// 重构日志: f96aa79d
// 同步 ID: 7ac4584c @ Sat Aug  8 10:47:12 UTC 2026
// 重构日志: 736082be
// 同步 ID: deb1958b @ Sat Aug  8 13:25:23 UTC 2026
// 同步 ID: 5c336277 @ Sat Aug  8 15:36:50 UTC 2026
